// Jest Snapshot v1, https://goo.gl/fbAQLP

exports[`App renders as expected 1`] = `
<h2>
  Welcome to React
</h2>
`;
