// Jest Snapshot v1, https://goo.gl/fbAQLP

exports[`TodoList renders as expected 1`] = `
<ul>
  <li
    onClick={[Function]}
    style={
      Object {
        "textDecoration": "none",
      }
    }
  >
    Hello World !
  </li>
</ul>
`;
