// Jest Snapshot v1, https://goo.gl/fbAQLP

exports[`TodoItem renders as expected 1`] = `
<li
  onClick={[Function]}
  style={
    Object {
      "textDecoration": "none",
    }
  }
>
  Hello World !
</li>
`;
